shreya@shreyasvm:~/OS_Lab_Practical/lab2$ cat > a.txt
Hello
Hello there 
Hello Os nerf
^C
shreya@shreyasvm:~/OS_Lab_Practical/lab2$ grep "Hello" a.txt
Hello
Hello there
Hello Os nerf
shreya@shreyasvm:~/OS_Lab_Practical/lab2$ cat >> a.txt
hello hi
^C
shreya@shreyasvm:~/OS_Lab_Practical/lab2$ grep -i "hello" a.txt
Hello
Hello there
Hello Os nerf
hello hi
shreya@shreyasvm:~/OS_Lab_Practical/lab2$ cat > fruitlist.txt
apple
banana
mango
papaya
lichi
grapes
kiwi
orange
^C
shreya@shreyasvm:~/OS_Lab_Practical/lab2$ cat > logfile.txt
error log1
log2
error log3
log 4
log 5
error log 6
^C
shreya@shreyasvm:~/OS_Lab_Practical/lab2$ grep -n "error" logfile.txt
1:error log1
3:error log3
6:error log 6
shreya@shreyasvm:~/OS_Lab_Practical/lab2$ grep -r "main"
shreya@shreyasvm:~/OS_Lab_Practical/lab2$ grep -w "apple" fruitlist.txt
apple
shreya@shreyasvm:~/OS_Lab_Practical/lab2$ grep -w apple fruitlist.txt
apple
shreya@shreyasvm:~/OS_Lab_Practical/lab2$ grep -c error logfile.txt
3
shreya@shreyasvm:~/OS_Lab_Practical/lab2$ cat >> fruitlist.txt
pineapples
^C
shreya@shreyasvm:~/OS_Lab_Practical/lab2$ grep apple fruitlist.txt
apple
pineapples
shreya@shreyasvm:~/OS_Lab_Practical/lab2$ grep -w apple fruitlist.txt
apple
shreya@shreyasvm:~/OS_Lab_Practical/lab2$ grep ^p fruitlist.txt
papaya
pineapples
shreya@shreyasvm:~/OS_Lab_Practical/lab2$ grep -v apple fruitlist.tx
grep: fruitlist.tx: No such file or directory
shreya@shreyasvm:~/OS_Lab_Practical/lab2$ grep -v apple fruitlist.txt
banana
mango
papaya
lichi
grapes
kiwi
orange
shreya@shreyasvm:~/OS_Lab_Practical/lab2$ grep a$ fruitlist.txt
banana
papaya
shreya@shreyasvm:~/OS_Lab_Practical/lab2$ sort fruitlist.txt
apple
banana
grapes
kiwi
lichi
mango
orange
papaya
pineapples
shreya@shreyasvm:~/OS_Lab_Practical/lab2$ cat fruitlist.txt
apple
banana
mango
papaya
lichi
grapes
kiwi
orange
pineapples
shreya@shreyasvm:~/OS_Lab_Practical/lab2$ sort -r fruitlist.txt
pineapples
papaya
orange
mango
lichi
kiwi
grapes
banana
apple
shreya@shreyasvm:~/OS_Lab_Practical/lab2$ cat > numbers.txt
23
1
34
56
3
22
90
102
^C
shreya@shreyasvm:~/OS_Lab_Practical/lab2$ sort -n numbers.txt
1
3
22
23
34
56
90
102
shreya@shreyasvm:~/OS_Lab_Practical/lab2$ sort -nr numbers.txt
102
90
56
34
23
22
3
1

